Copyright 1986-2022 Xilinx, Inc. All Rights Reserved.
----------------------------------------------------------------------------------------------
| Tool Version      : Vivado v.2022.2 (lin64) Build 3671981 Fri Oct 14 04:59:54 MDT 2022
| Date              : Thu Sep 24 14:03:54 2026
| Host              : ececomp2.ecn.purdue.edu running 64-bit Oracle Linux Server release 8.10
| Command           : report_timing_summary -file ./build/timing.rpt
| Design            : flash_test_fpga
| Device            : xczu48dr-ffvg1517
| Speed File        : -2  PRODUCTION 1.32 01-31-2021
| Temperature Grade : E
----------------------------------------------------------------------------------------------

Timing Summary Report

------------------------------------------------------------------------------------------------
| Timer Settings
| --------------
------------------------------------------------------------------------------------------------

  Enable Multi Corner Analysis               :  Yes
  Enable Pessimism Removal                   :  Yes
  Pessimism Removal Resolution               :  Nearest Common Node
  Enable Input Delay Default Clock           :  No
  Enable Preset / Clear Arcs                 :  No
  Disable Flight Delays                      :  No
  Ignore I/O Paths                           :  No
  Timing Early Launch at Borrowing Latches   :  No
  Borrow Time for Max Delay Exceptions       :  Yes
  Merge Timing Exceptions                    :  Yes

  Corner  Analyze    Analyze    
  Name    Max Paths  Min Paths  
  ------  ---------  ---------  
  Slow    Yes        Yes        
  Fast    Yes        Yes        


------------------------------------------------------------------------------------------------
| Report Methodology
| ------------------
------------------------------------------------------------------------------------------------

No report available as report_methodology has not been run prior. Run report_methodology on the current design for the summary of methodology violations.



check_timing report

Table of Contents
-----------------
1. checking no_clock (0)
2. checking constant_clock (0)
3. checking pulse_width_clock (0)
4. checking unconstrained_internal_endpoints (0)
5. checking no_input_delay (5)
6. checking no_output_delay (7)
7. checking multiple_clock (12)
8. checking generated_clocks (0)
9. checking loops (0)
10. checking partial_input_delay (0)
11. checking partial_output_delay (0)
12. checking latch_loops (0)

1. checking no_clock (0)
------------------------
 There are 0 register/latch pins with no clock.


2. checking constant_clock (0)
------------------------------
 There are 0 register/latch pins with constant_clock.


3. checking pulse_width_clock (0)
---------------------------------
 There are 0 register/latch pins which need pulse_width check


4. checking unconstrained_internal_endpoints (0)
------------------------------------------------
 There are 0 pins that are not constrained for maximum delay.

 There are 0 pins that are not constrained for maximum delay due to constant clock.


5. checking no_input_delay (5)
------------------------------
 There are 5 input ports with no input delay specified. (HIGH)

 There are 0 input ports with no input delay but user has a false path constraint.


6. checking no_output_delay (7)
-------------------------------
 There are 7 ports with no output delay specified. (HIGH)

 There are 0 ports with no output delay but user has a false path constraint

 There are 0 ports with no output delay but with a timing clock defined on it or propagating through it


7. checking multiple_clock (12)
-------------------------------
 There are 12 register/latch pins with multiple clocks. (HIGH)


8. checking generated_clocks (0)
--------------------------------
 There are 0 generated clocks that are not connected to a clock source.


9. checking loops (0)
---------------------
 There are 0 combinational loops in the design.


10. checking partial_input_delay (0)
------------------------------------
 There are 0 input ports with partial input delay specified.


11. checking partial_output_delay (0)
-------------------------------------
 There are 0 ports with partial output delay specified.


12. checking latch_loops (0)
----------------------------
 There are 0 combinational latch loops in the design through latch input



------------------------------------------------------------------------------------------------
| Design Timing Summary
| ---------------------
------------------------------------------------------------------------------------------------

    WNS(ns)      TNS(ns)  TNS Failing Endpoints  TNS Total Endpoints      WHS(ns)      THS(ns)  THS Failing Endpoints  THS Total Endpoints     WPWS(ns)     TPWS(ns)  TPWS Failing Endpoints  TPWS Total Endpoints  
    -------      -------  ---------------------  -------------------      -------      -------  ---------------------  -------------------     --------     --------  ----------------------  --------------------  
      1.816        0.000                      0                    7        0.060        0.000                      0                    7        2.225        0.000                       0                    12  


All user specified timing constraints are met.


------------------------------------------------------------------------------------------------
| Clock Summary
| -------------
------------------------------------------------------------------------------------------------

Clock           Waveform(ns)         Period(ns)      Frequency(MHz)
-----           ------------         ----------      --------------
sys_clk_100m_n  {0.000 2.500}        5.000           200.000         
sys_clk_100m_p  {0.000 2.500}        5.000           200.000         


------------------------------------------------------------------------------------------------
| Intra Clock Table
| -----------------
------------------------------------------------------------------------------------------------

Clock               WNS(ns)      TNS(ns)  TNS Failing Endpoints  TNS Total Endpoints      WHS(ns)      THS(ns)  THS Failing Endpoints  THS Total Endpoints     WPWS(ns)     TPWS(ns)  TPWS Failing Endpoints  TPWS Total Endpoints  
-----               -------      -------  ---------------------  -------------------      -------      -------  ---------------------  -------------------     --------     --------  ----------------------  --------------------  
sys_clk_100m_n        4.500        0.000                      0                    7        0.060        0.000                      0                    7        2.225        0.000                       0                    12  
sys_clk_100m_p        4.500        0.000                      0                    7        0.060        0.000                      0                    7        2.225        0.000                       0                    12  


------------------------------------------------------------------------------------------------
| Inter Clock Table
| -----------------
------------------------------------------------------------------------------------------------

From Clock      To Clock            WNS(ns)      TNS(ns)  TNS Failing Endpoints  TNS Total Endpoints      WHS(ns)      THS(ns)  THS Failing Endpoints  THS Total Endpoints  
----------      --------            -------      -------  ---------------------  -------------------      -------      -------  ---------------------  -------------------  
sys_clk_100m_p  sys_clk_100m_n        1.818        0.000                      0                    7        2.348        0.000                      0                    7  
sys_clk_100m_n  sys_clk_100m_p        1.816        0.000                      0                    7        2.350        0.000                      0                    7  


------------------------------------------------------------------------------------------------
| Other Path Groups Table
| -----------------------
------------------------------------------------------------------------------------------------

Path Group    From Clock    To Clock          WNS(ns)      TNS(ns)  TNS Failing Endpoints  TNS Total Endpoints      WHS(ns)      THS(ns)  THS Failing Endpoints  THS Total Endpoints  
----------    ----------    --------          -------      -------  ---------------------  -------------------      -------      -------  ---------------------  -------------------  


------------------------------------------------------------------------------------------------
| Timing Details
| --------------
------------------------------------------------------------------------------------------------


---------------------------------------------------------------------------------------------------
From Clock:  sys_clk_100m_n
  To Clock:  sys_clk_100m_n

Setup :            0  Failing Endpoints,  Worst Slack        4.500ns,  Total Violation        0.000ns
Hold  :            0  Failing Endpoints,  Worst Slack        0.060ns,  Total Violation        0.000ns
PW    :            0  Failing Endpoints,  Worst Slack        2.225ns,  Total Violation        0.000ns
---------------------------------------------------------------------------------------------------


Max Delay Paths
--------------------------------------------------------------------------------------
Slack (MET) :             4.500ns  (required time - arrival time)
  Source:                 val1_reg[1]/C
                            (rising edge-triggered cell FDCE clocked by sys_clk_100m_n'  {rise@0.000ns fall@2.500ns period=5.000ns})
  Destination:            W_LED_1_reg/D
                            (rising edge-triggered cell FDCE clocked by sys_clk_100m_n'  {rise@0.000ns fall@2.500ns period=5.000ns})
  Path Group:             sys_clk_100m_n
  Path Type:              Setup (Max at Slow Process Corner)
  Requirement:            5.000ns  (sys_clk_100m_n fall@7.500ns - sys_clk_100m_n fall@2.500ns)
  Data Path Delay:        0.458ns  (logic 0.167ns (36.432%)  route 0.291ns (63.569%))
  Logic Levels:           1  (LUT4=1)
  Clock Path Skew:        -0.031ns (DCD - SCD + CPR)
    Destination Clock Delay (DCD):    2.222ns = ( 9.722 - 7.500 ) 
    Source Clock Delay      (SCD):    2.577ns = ( 5.077 - 2.500 ) 
    Clock Pessimism Removal (CPR):    0.325ns
  Clock Uncertainty:      0.035ns  ((TSJ^2 + TIJ^2)^1/2 + DJ) / 2 + PE
    Total System Jitter     (TSJ):    0.071ns
    Total Input Jitter      (TIJ):    0.000ns
    Discrete Jitter          (DJ):    0.000ns
    Phase Error              (PE):    0.000ns
  Clock Net Delay (Source):      1.445ns (routing 0.617ns, distribution 0.828ns)
  Clock Net Delay (Destination): 1.274ns (routing 0.562ns, distribution 0.712ns)

    Location             Delay type                Incr(ns)  Path(ns)    Netlist Resource(s)
  -------------------------------------------------------------------    -------------------
                         (clock sys_clk_100m_n fall edge)
                                                      2.500     2.500 f  
    AN15                                              0.000     2.500 f  sys_clk_100m_n (IN)
                         net (fo=0)                   0.100     2.600    ibufds_inst/IB
    HPIOBDIFFINBUF_X0Y10 DIFFINBUF (Prop_DIFFINBUF_HPIOBDIFFINBUF_DIFF_IN_N_O)
                                                      0.618     3.218 r  ibufds_inst/DIFFINBUF_INST/O
                         net (fo=1, routed)           0.050     3.268    ibufds_inst/OUT
    AM15                 IBUFCTRL (Prop_IBUFCTRL_HPIOB_M_I_O)
                                                      0.000     3.268 r  ibufds_inst/IBUFCTRL_INST/O
                         net (fo=1, routed)           0.336     3.604    sys_clk
    BUFGCE_X0Y12         BUFGCE (Prop_BUFCE_BUFGCE_I_O)
                                                      0.028     3.632 r  sys_clk_BUFG_inst/O
    X4Y1 (CLOCK_ROOT)    net (fo=11, routed)          1.445     5.077    sys_clk_BUFG
    SLICE_X81Y74         FDCE                                         r  val1_reg[1]/C
  -------------------------------------------------------------------    -------------------
    SLICE_X81Y74         FDCE (Prop_CFF_SLICEL_C_Q)
                                                      0.079     5.156 r  val1_reg[1]/Q
                         net (fo=3, routed)           0.241     5.397    val1_reg_n_0_[1]
    SLICE_X81Y73         LUT4 (Prop_C6LUT_SLICEL_I2_O)
                                                      0.088     5.485 r  W_LED_1_i_1/O
                         net (fo=1, routed)           0.050     5.535    result[1]
    SLICE_X81Y73         FDCE                                         r  W_LED_1_reg/D
  -------------------------------------------------------------------    -------------------

                         (clock sys_clk_100m_n fall edge)
                                                      7.500     7.500 f  
    AN15                                              0.000     7.500 f  sys_clk_100m_n (IN)
                         net (fo=0)                   0.079     7.579    ibufds_inst/IB
    HPIOBDIFFINBUF_X0Y10 DIFFINBUF (Prop_DIFFINBUF_HPIOBDIFFINBUF_DIFF_IN_N_O)
                                                      0.508     8.087 r  ibufds_inst/DIFFINBUF_INST/O
                         net (fo=1, routed)           0.040     8.127    ibufds_inst/OUT
    AM15                 IBUFCTRL (Prop_IBUFCTRL_HPIOB_M_I_O)
                                                      0.000     8.127 r  ibufds_inst/IBUFCTRL_INST/O
                         net (fo=1, routed)           0.297     8.424    sys_clk
    BUFGCE_X0Y12         BUFGCE (Prop_BUFCE_BUFGCE_I_O)
                                                      0.024     8.448 r  sys_clk_BUFG_inst/O
    X4Y1 (CLOCK_ROOT)    net (fo=11, routed)          1.274     9.722    sys_clk_BUFG
    SLICE_X81Y73         FDCE                                         r  W_LED_1_reg/C
                         clock pessimism              0.325    10.046    
                         clock uncertainty           -0.035    10.011    
    SLICE_X81Y73         FDCE (Setup_CFF_SLICEL_C_D)
                                                      0.025    10.036    W_LED_1_reg
  -------------------------------------------------------------------
                         required time                         10.036    
                         arrival time                          -5.535    
  -------------------------------------------------------------------
                         slack                                  4.500    





Min Delay Paths
--------------------------------------------------------------------------------------
Slack (MET) :             0.060ns  (arrival time - required time)
  Source:                 val1_reg[0]/C
                            (rising edge-triggered cell FDCE clocked by sys_clk_100m_n'  {rise@0.000ns fall@2.500ns period=5.000ns})
  Destination:            R_LED_0_reg/D
                            (rising edge-triggered cell FDCE clocked by sys_clk_100m_n'  {rise@0.000ns fall@2.500ns period=5.000ns})
  Path Group:             sys_clk_100m_n
  Path Type:              Hold (Min at Fast Process Corner)
  Requirement:            0.000ns  (sys_clk_100m_n fall@2.500ns - sys_clk_100m_n fall@2.500ns)
  Data Path Delay:        0.123ns  (logic 0.039ns (31.789%)  route 0.084ns (68.211%))
  Logic Levels:           0  
  Clock Path Skew:        0.016ns (DCD - SCD - CPR)
    Destination Clock Delay (DCD):    1.659ns = ( 4.159 - 2.500 ) 
    Source Clock Delay      (SCD):    1.370ns = ( 3.870 - 2.500 ) 
    Clock Pessimism Removal (CPR):    0.273ns
  Clock Net Delay (Source):      0.800ns (routing 0.339ns, distribution 0.461ns)
  Clock Net Delay (Destination): 0.912ns (routing 0.380ns, distribution 0.532ns)

    Location             Delay type                Incr(ns)  Path(ns)    Netlist Resource(s)
  -------------------------------------------------------------------    -------------------
                         (clock sys_clk_100m_n fall edge)
                                                      2.500     2.500 f  
    AN15                                              0.000     2.500 f  sys_clk_100m_n (IN)
                         net (fo=0)                   0.079     2.579    ibufds_inst/IB
    HPIOBDIFFINBUF_X0Y10 DIFFINBUF (Prop_DIFFINBUF_HPIOBDIFFINBUF_DIFF_IN_N_O)
                                                      0.284     2.863 r  ibufds_inst/DIFFINBUF_INST/O
                         net (fo=1, routed)           0.040     2.903    ibufds_inst/OUT
    AM15                 IBUFCTRL (Prop_IBUFCTRL_HPIOB_M_I_O)
                                                      0.000     2.903 r  ibufds_inst/IBUFCTRL_INST/O
                         net (fo=1, routed)           0.151     3.054    sys_clk
    BUFGCE_X0Y12         BUFGCE (Prop_BUFCE_BUFGCE_I_O)
                                                      0.017     3.071 r  sys_clk_BUFG_inst/O
    X4Y1 (CLOCK_ROOT)    net (fo=11, routed)          0.800     3.870    sys_clk_BUFG
    SLICE_X81Y74         FDCE                                         r  val1_reg[0]/C
  -------------------------------------------------------------------    -------------------
    SLICE_X81Y74         FDCE (Prop_DFF_SLICEL_C_Q)
                                                      0.039     3.909 r  val1_reg[0]/Q
                         net (fo=4, routed)           0.084     3.993    val1_reg_n_0_[0]
    SLICE_X81Y74         FDCE                                         r  R_LED_0_reg/D
  -------------------------------------------------------------------    -------------------

                         (clock sys_clk_100m_n fall edge)
                                                      2.500     2.500 f  
    AN15                                              0.000     2.500 f  sys_clk_100m_n (IN)
                         net (fo=0)                   0.100     2.600    ibufds_inst/IB
    HPIOBDIFFINBUF_X0Y10 DIFFINBUF (Prop_DIFFINBUF_HPIOBDIFFINBUF_DIFF_IN_N_O)
                                                      0.389     2.989 r  ibufds_inst/DIFFINBUF_INST/O
                         net (fo=1, routed)           0.050     3.039    ibufds_inst/OUT
    AM15                 IBUFCTRL (Prop_IBUFCTRL_HPIOB_M_I_O)
                                                      0.000     3.039 r  ibufds_inst/IBUFCTRL_INST/O
                         net (fo=1, routed)           0.189     3.228    sys_clk
    BUFGCE_X0Y12         BUFGCE (Prop_BUFCE_BUFGCE_I_O)
                                                      0.019     3.247 r  sys_clk_BUFG_inst/O
    X4Y1 (CLOCK_ROOT)    net (fo=11, routed)          0.912     4.159    sys_clk_BUFG
    SLICE_X81Y74         FDCE                                         r  R_LED_0_reg/C
                         clock pessimism             -0.273     3.886    
    SLICE_X81Y74         FDCE (Hold_GFF2_SLICEL_C_D)
                                                      0.047     3.933    R_LED_0_reg
  -------------------------------------------------------------------
                         required time                         -3.933    
                         arrival time                           3.993    
  -------------------------------------------------------------------
                         slack                                  0.060    





Pulse Width Checks
--------------------------------------------------------------------------------------
Clock Name:         sys_clk_100m_n
Waveform(ns):       { 0.000 2.500 }
Period(ns):         5.000
Sources:            { sys_clk_100m_n }

Check Type        Corner  Lib Pin   Reference Pin  Required(ns)  Actual(ns)  Slack(ns)  Location      Pin
Min Period        n/a     BUFGCE/I  n/a            1.290         5.000       3.710      BUFGCE_X0Y12  sys_clk_BUFG_inst/I
Low Pulse Width   Slow    FDCE/C    n/a            0.275         2.500       2.225      SLICE_X81Y74  B_LED_0_reg/C
High Pulse Width  Slow    FDCE/C    n/a            0.275         2.500       2.225      SLICE_X81Y74  B_LED_0_reg/C



---------------------------------------------------------------------------------------------------
From Clock:  sys_clk_100m_p
  To Clock:  sys_clk_100m_p

Setup :            0  Failing Endpoints,  Worst Slack        4.500ns,  Total Violation        0.000ns
Hold  :            0  Failing Endpoints,  Worst Slack        0.060ns,  Total Violation        0.000ns
PW    :            0  Failing Endpoints,  Worst Slack        2.225ns,  Total Violation        0.000ns
---------------------------------------------------------------------------------------------------


Max Delay Paths
--------------------------------------------------------------------------------------
Slack (MET) :             4.500ns  (required time - arrival time)
  Source:                 val1_reg[1]/C
                            (rising edge-triggered cell FDCE clocked by sys_clk_100m_p  {rise@0.000ns fall@2.500ns period=5.000ns})
  Destination:            W_LED_1_reg/D
                            (rising edge-triggered cell FDCE clocked by sys_clk_100m_p  {rise@0.000ns fall@2.500ns period=5.000ns})
  Path Group:             sys_clk_100m_p
  Path Type:              Setup (Max at Slow Process Corner)
  Requirement:            5.000ns  (sys_clk_100m_p rise@5.000ns - sys_clk_100m_p rise@0.000ns)
  Data Path Delay:        0.458ns  (logic 0.167ns (36.432%)  route 0.291ns (63.568%))
  Logic Levels:           1  (LUT4=1)
  Clock Path Skew:        -0.031ns (DCD - SCD + CPR)
    Destination Clock Delay (DCD):    2.221ns = ( 7.221 - 5.000 ) 
    Source Clock Delay      (SCD):    2.576ns
    Clock Pessimism Removal (CPR):    0.325ns
  Clock Uncertainty:      0.035ns  ((TSJ^2 + TIJ^2)^1/2 + DJ) / 2 + PE
    Total System Jitter     (TSJ):    0.071ns
    Total Input Jitter      (TIJ):    0.000ns
    Discrete Jitter          (DJ):    0.000ns
    Phase Error              (PE):    0.000ns
  Clock Net Delay (Source):      1.445ns (routing 0.617ns, distribution 0.828ns)
  Clock Net Delay (Destination): 1.274ns (routing 0.562ns, distribution 0.712ns)

    Location             Delay type                Incr(ns)  Path(ns)    Netlist Resource(s)
  -------------------------------------------------------------------    -------------------
                         (clock sys_clk_100m_p rise edge)
                                                      0.000     0.000 r  
    AM15                                              0.000     0.000 r  sys_clk_100m_p (IN)
                         net (fo=0)                   0.100     0.100    ibufds_inst/I
    HPIOBDIFFINBUF_X0Y10 DIFFINBUF (Prop_DIFFINBUF_HPIOBDIFFINBUF_DIFF_IN_P_O)
                                                      0.617     0.717 r  ibufds_inst/DIFFINBUF_INST/O
                         net (fo=1, routed)           0.050     0.767    ibufds_inst/OUT
    AM15                 IBUFCTRL (Prop_IBUFCTRL_HPIOB_M_I_O)
                                                      0.000     0.767 r  ibufds_inst/IBUFCTRL_INST/O
                         net (fo=1, routed)           0.336     1.103    sys_clk
    BUFGCE_X0Y12         BUFGCE (Prop_BUFCE_BUFGCE_I_O)
                                                      0.028     1.131 r  sys_clk_BUFG_inst/O
    X4Y1 (CLOCK_ROOT)    net (fo=11, routed)          1.445     2.576    sys_clk_BUFG
    SLICE_X81Y74         FDCE                                         r  val1_reg[1]/C
  -------------------------------------------------------------------    -------------------
    SLICE_X81Y74         FDCE (Prop_CFF_SLICEL_C_Q)
                                                      0.079     2.655 r  val1_reg[1]/Q
                         net (fo=3, routed)           0.241     2.896    val1_reg_n_0_[1]
    SLICE_X81Y73         LUT4 (Prop_C6LUT_SLICEL_I2_O)
                                                      0.088     2.984 r  W_LED_1_i_1/O
                         net (fo=1, routed)           0.050     3.034    result[1]
    SLICE_X81Y73         FDCE                                         r  W_LED_1_reg/D
  -------------------------------------------------------------------    -------------------

                         (clock sys_clk_100m_p rise edge)
                                                      5.000     5.000 r  
    AM15                                              0.000     5.000 r  sys_clk_100m_p (IN)
                         net (fo=0)                   0.079     5.079    ibufds_inst/I
    HPIOBDIFFINBUF_X0Y10 DIFFINBUF (Prop_DIFFINBUF_HPIOBDIFFINBUF_DIFF_IN_P_O)
                                                      0.507     5.586 r  ibufds_inst/DIFFINBUF_INST/O
                         net (fo=1, routed)           0.040     5.626    ibufds_inst/OUT
    AM15                 IBUFCTRL (Prop_IBUFCTRL_HPIOB_M_I_O)
                                                      0.000     5.626 r  ibufds_inst/IBUFCTRL_INST/O
                         net (fo=1, routed)           0.297     5.923    sys_clk
    BUFGCE_X0Y12         BUFGCE (Prop_BUFCE_BUFGCE_I_O)
                                                      0.024     5.947 r  sys_clk_BUFG_inst/O
    X4Y1 (CLOCK_ROOT)    net (fo=11, routed)          1.274     7.221    sys_clk_BUFG
    SLICE_X81Y73         FDCE                                         r  W_LED_1_reg/C
                         clock pessimism              0.325     7.545    
                         clock uncertainty           -0.035     7.510    
    SLICE_X81Y73         FDCE (Setup_CFF_SLICEL_C_D)
                                                      0.025     7.535    W_LED_1_reg
  -------------------------------------------------------------------
                         required time                          7.535    
                         arrival time                          -3.034    
  -------------------------------------------------------------------
                         slack                                  4.500    





Min Delay Paths
--------------------------------------------------------------------------------------
Slack (MET) :             0.060ns  (arrival time - required time)
  Source:                 val1_reg[0]/C
                            (rising edge-triggered cell FDCE clocked by sys_clk_100m_p  {rise@0.000ns fall@2.500ns period=5.000ns})
  Destination:            R_LED_0_reg/D
                            (rising edge-triggered cell FDCE clocked by sys_clk_100m_p  {rise@0.000ns fall@2.500ns period=5.000ns})
  Path Group:             sys_clk_100m_p
  Path Type:              Hold (Min at Fast Process Corner)
  Requirement:            0.000ns  (sys_clk_100m_p rise@0.000ns - sys_clk_100m_p rise@0.000ns)
  Data Path Delay:        0.123ns  (logic 0.039ns (31.789%)  route 0.084ns (68.211%))
  Logic Levels:           0  
  Clock Path Skew:        0.016ns (DCD - SCD - CPR)
    Destination Clock Delay (DCD):    1.658ns
    Source Clock Delay      (SCD):    1.369ns
    Clock Pessimism Removal (CPR):    0.273ns
  Clock Net Delay (Source):      0.800ns (routing 0.339ns, distribution 0.461ns)
  Clock Net Delay (Destination): 0.912ns (routing 0.380ns, distribution 0.532ns)

    Location             Delay type                Incr(ns)  Path(ns)    Netlist Resource(s)
  -------------------------------------------------------------------    -------------------
                         (clock sys_clk_100m_p rise edge)
                                                      0.000     0.000 r  
    AM15                                              0.000     0.000 r  sys_clk_100m_p (IN)
                         net (fo=0)                   0.079     0.079    ibufds_inst/I
    HPIOBDIFFINBUF_X0Y10 DIFFINBUF (Prop_DIFFINBUF_HPIOBDIFFINBUF_DIFF_IN_P_O)
                                                      0.283     0.362 r  ibufds_inst/DIFFINBUF_INST/O
                         net (fo=1, routed)           0.040     0.402    ibufds_inst/OUT
    AM15                 IBUFCTRL (Prop_IBUFCTRL_HPIOB_M_I_O)
                                                      0.000     0.402 r  ibufds_inst/IBUFCTRL_INST/O
                         net (fo=1, routed)           0.151     0.553    sys_clk
    BUFGCE_X0Y12         BUFGCE (Prop_BUFCE_BUFGCE_I_O)
                                                      0.017     0.570 r  sys_clk_BUFG_inst/O
    X4Y1 (CLOCK_ROOT)    net (fo=11, routed)          0.800     1.369    sys_clk_BUFG
    SLICE_X81Y74         FDCE                                         r  val1_reg[0]/C
  -------------------------------------------------------------------    -------------------
    SLICE_X81Y74         FDCE (Prop_DFF_SLICEL_C_Q)
                                                      0.039     1.408 r  val1_reg[0]/Q
                         net (fo=4, routed)           0.084     1.492    val1_reg_n_0_[0]
    SLICE_X81Y74         FDCE                                         r  R_LED_0_reg/D
  -------------------------------------------------------------------    -------------------

                         (clock sys_clk_100m_p rise edge)
                                                      0.000     0.000 r  
    AM15                                              0.000     0.000 r  sys_clk_100m_p (IN)
                         net (fo=0)                   0.100     0.100    ibufds_inst/I
    HPIOBDIFFINBUF_X0Y10 DIFFINBUF (Prop_DIFFINBUF_HPIOBDIFFINBUF_DIFF_IN_P_O)
                                                      0.388     0.488 r  ibufds_inst/DIFFINBUF_INST/O
                         net (fo=1, routed)           0.050     0.538    ibufds_inst/OUT
    AM15                 IBUFCTRL (Prop_IBUFCTRL_HPIOB_M_I_O)
                                                      0.000     0.538 r  ibufds_inst/IBUFCTRL_INST/O
                         net (fo=1, routed)           0.189     0.727    sys_clk
    BUFGCE_X0Y12         BUFGCE (Prop_BUFCE_BUFGCE_I_O)
                                                      0.019     0.746 r  sys_clk_BUFG_inst/O
    X4Y1 (CLOCK_ROOT)    net (fo=11, routed)          0.912     1.658    sys_clk_BUFG
    SLICE_X81Y74         FDCE                                         r  R_LED_0_reg/C
                         clock pessimism             -0.273     1.385    
    SLICE_X81Y74         FDCE (Hold_GFF2_SLICEL_C_D)
                                                      0.047     1.432    R_LED_0_reg
  -------------------------------------------------------------------
                         required time                         -1.432    
                         arrival time                           1.492    
  -------------------------------------------------------------------
                         slack                                  0.060    





Pulse Width Checks
--------------------------------------------------------------------------------------
Clock Name:         sys_clk_100m_p
Waveform(ns):       { 0.000 2.500 }
Period(ns):         5.000
Sources:            { sys_clk_100m_p }

Check Type        Corner  Lib Pin   Reference Pin  Required(ns)  Actual(ns)  Slack(ns)  Location      Pin
Min Period        n/a     BUFGCE/I  n/a            1.290         5.000       3.710      BUFGCE_X0Y12  sys_clk_BUFG_inst/I
Low Pulse Width   Slow    FDCE/C    n/a            0.275         2.500       2.225      SLICE_X81Y74  B_LED_0_reg/C
High Pulse Width  Slow    FDCE/C    n/a            0.275         2.500       2.225      SLICE_X81Y74  B_LED_0_reg/C



---------------------------------------------------------------------------------------------------
From Clock:  sys_clk_100m_p
  To Clock:  sys_clk_100m_n

Setup :            0  Failing Endpoints,  Worst Slack        1.818ns,  Total Violation        0.000ns
Hold  :            0  Failing Endpoints,  Worst Slack        2.348ns,  Total Violation        0.000ns
---------------------------------------------------------------------------------------------------


Max Delay Paths
--------------------------------------------------------------------------------------
Slack (MET) :             1.818ns  (required time - arrival time)
  Source:                 val1_reg[1]/C
                            (rising edge-triggered cell FDCE clocked by sys_clk_100m_p  {rise@0.000ns fall@2.500ns period=5.000ns})
  Destination:            W_LED_1_reg/D
                            (rising edge-triggered cell FDCE clocked by sys_clk_100m_n'  {rise@0.000ns fall@2.500ns period=5.000ns})
  Path Group:             sys_clk_100m_n
  Path Type:              Setup (Max at Slow Process Corner)
  Requirement:            2.500ns  (sys_clk_100m_n fall@2.500ns - sys_clk_100m_p rise@0.000ns)
  Data Path Delay:        0.458ns  (logic 0.167ns (36.432%)  route 0.291ns (63.568%))
  Logic Levels:           1  (LUT4=1)
  Clock Path Skew:        -0.214ns (DCD - SCD + CPR)
    Destination Clock Delay (DCD):    2.222ns = ( 4.722 - 2.500 ) 
    Source Clock Delay      (SCD):    2.576ns
    Clock Pessimism Removal (CPR):    0.141ns
  Clock Uncertainty:      0.035ns  ((TSJ^2 + TIJ^2)^1/2 + DJ) / 2 + PE
    Total System Jitter     (TSJ):    0.071ns
    Total Input Jitter      (TIJ):    0.000ns
    Discrete Jitter          (DJ):    0.000ns
    Phase Error              (PE):    0.000ns
  Clock Net Delay (Source):      1.445ns (routing 0.617ns, distribution 0.828ns)
  Clock Net Delay (Destination): 1.274ns (routing 0.562ns, distribution 0.712ns)
  Clock Domain Crossing:  Inter clock paths are considered valid unless explicitly excluded by timing constraints such as set_clock_groups or set_false_path.

    Location             Delay type                Incr(ns)  Path(ns)    Netlist Resource(s)
  -------------------------------------------------------------------    -------------------
                         (clock sys_clk_100m_p rise edge)
                                                      0.000     0.000 r  
    AM15                                              0.000     0.000 r  sys_clk_100m_p (IN)
                         net (fo=0)                   0.100     0.100    ibufds_inst/I
    HPIOBDIFFINBUF_X0Y10 DIFFINBUF (Prop_DIFFINBUF_HPIOBDIFFINBUF_DIFF_IN_P_O)
                                                      0.617     0.717 r  ibufds_inst/DIFFINBUF_INST/O
                         net (fo=1, routed)           0.050     0.767    ibufds_inst/OUT
    AM15                 IBUFCTRL (Prop_IBUFCTRL_HPIOB_M_I_O)
                                                      0.000     0.767 r  ibufds_inst/IBUFCTRL_INST/O
                         net (fo=1, routed)           0.336     1.103    sys_clk
    BUFGCE_X0Y12         BUFGCE (Prop_BUFCE_BUFGCE_I_O)
                                                      0.028     1.131 r  sys_clk_BUFG_inst/O
    X4Y1 (CLOCK_ROOT)    net (fo=11, routed)          1.445     2.576    sys_clk_BUFG
    SLICE_X81Y74         FDCE                                         r  val1_reg[1]/C
  -------------------------------------------------------------------    -------------------
    SLICE_X81Y74         FDCE (Prop_CFF_SLICEL_C_Q)
                                                      0.079     2.655 r  val1_reg[1]/Q
                         net (fo=3, routed)           0.241     2.896    val1_reg_n_0_[1]
    SLICE_X81Y73         LUT4 (Prop_C6LUT_SLICEL_I2_O)
                                                      0.088     2.984 r  W_LED_1_i_1/O
                         net (fo=1, routed)           0.050     3.034    result[1]
    SLICE_X81Y73         FDCE                                         r  W_LED_1_reg/D
  -------------------------------------------------------------------    -------------------

                         (clock sys_clk_100m_n fall edge)
                                                      2.500     2.500 f  
    AN15                                              0.000     2.500 f  sys_clk_100m_n (IN)
                         net (fo=0)                   0.079     2.579    ibufds_inst/IB
    HPIOBDIFFINBUF_X0Y10 DIFFINBUF (Prop_DIFFINBUF_HPIOBDIFFINBUF_DIFF_IN_N_O)
                                                      0.508     3.087 r  ibufds_inst/DIFFINBUF_INST/O
                         net (fo=1, routed)           0.040     3.127    ibufds_inst/OUT
    AM15                 IBUFCTRL (Prop_IBUFCTRL_HPIOB_M_I_O)
                                                      0.000     3.127 r  ibufds_inst/IBUFCTRL_INST/O
                         net (fo=1, routed)           0.297     3.424    sys_clk
    BUFGCE_X0Y12         BUFGCE (Prop_BUFCE_BUFGCE_I_O)
                                                      0.024     3.448 r  sys_clk_BUFG_inst/O
    X4Y1 (CLOCK_ROOT)    net (fo=11, routed)          1.274     4.722    sys_clk_BUFG
    SLICE_X81Y73         FDCE                                         r  W_LED_1_reg/C
                         clock pessimism              0.141     4.862    
                         clock uncertainty           -0.035     4.827    
    SLICE_X81Y73         FDCE (Setup_CFF_SLICEL_C_D)
                                                      0.025     4.852    W_LED_1_reg
  -------------------------------------------------------------------
                         required time                          4.852    
                         arrival time                          -3.034    
  -------------------------------------------------------------------
                         slack                                  1.818    





Min Delay Paths
--------------------------------------------------------------------------------------
Slack (MET) :             2.348ns  (arrival time - required time)
  Source:                 val1_reg[0]/C
                            (rising edge-triggered cell FDCE clocked by sys_clk_100m_p  {rise@0.000ns fall@2.500ns period=5.000ns})
  Destination:            R_LED_0_reg/D
                            (rising edge-triggered cell FDCE clocked by sys_clk_100m_n'  {rise@0.000ns fall@2.500ns period=5.000ns})
  Path Group:             sys_clk_100m_n
  Path Type:              Hold (Min at Fast Process Corner)
  Requirement:            -2.500ns  (sys_clk_100m_n fall@2.500ns - sys_clk_100m_p rise@5.000ns)
  Data Path Delay:        0.123ns  (logic 0.039ns (31.789%)  route 0.084ns (68.211%))
  Logic Levels:           0  
  Clock Path Skew:        0.192ns (DCD - SCD - CPR)
    Destination Clock Delay (DCD):    1.659ns = ( 4.159 - 2.500 ) 
    Source Clock Delay      (SCD):    1.369ns = ( 6.369 - 5.000 ) 
    Clock Pessimism Removal (CPR):    0.097ns
  Clock Uncertainty:      0.035ns  ((TSJ^2 + TIJ^2)^1/2 + DJ) / 2 + PE
    Total System Jitter     (TSJ):    0.071ns
    Total Input Jitter      (TIJ):    0.000ns
    Discrete Jitter          (DJ):    0.000ns
    Phase Error              (PE):    0.000ns
  Clock Net Delay (Source):      0.800ns (routing 0.339ns, distribution 0.461ns)
  Clock Net Delay (Destination): 0.912ns (routing 0.380ns, distribution 0.532ns)
  Clock Domain Crossing:  Inter clock paths are considered valid unless explicitly excluded by timing constraints such as set_clock_groups or set_false_path.

    Location             Delay type                Incr(ns)  Path(ns)    Netlist Resource(s)
  -------------------------------------------------------------------    -------------------
                         (clock sys_clk_100m_p rise edge)
                                                      5.000     5.000 r  
    AM15                                              0.000     5.000 r  sys_clk_100m_p (IN)
                         net (fo=0)                   0.079     5.079    ibufds_inst/I
    HPIOBDIFFINBUF_X0Y10 DIFFINBUF (Prop_DIFFINBUF_HPIOBDIFFINBUF_DIFF_IN_P_O)
                                                      0.283     5.362 r  ibufds_inst/DIFFINBUF_INST/O
                         net (fo=1, routed)           0.040     5.402    ibufds_inst/OUT
    AM15                 IBUFCTRL (Prop_IBUFCTRL_HPIOB_M_I_O)
                                                      0.000     5.402 r  ibufds_inst/IBUFCTRL_INST/O
                         net (fo=1, routed)           0.151     5.553    sys_clk
    BUFGCE_X0Y12         BUFGCE (Prop_BUFCE_BUFGCE_I_O)
                                                      0.017     5.570 r  sys_clk_BUFG_inst/O
    X4Y1 (CLOCK_ROOT)    net (fo=11, routed)          0.800     6.369    sys_clk_BUFG
    SLICE_X81Y74         FDCE                                         r  val1_reg[0]/C
  -------------------------------------------------------------------    -------------------
    SLICE_X81Y74         FDCE (Prop_DFF_SLICEL_C_Q)
                                                      0.039     6.408 r  val1_reg[0]/Q
                         net (fo=4, routed)           0.084     6.492    val1_reg_n_0_[0]
    SLICE_X81Y74         FDCE                                         r  R_LED_0_reg/D
  -------------------------------------------------------------------    -------------------

                         (clock sys_clk_100m_n fall edge)
                                                      2.500     2.500 f  
    AN15                                              0.000     2.500 f  sys_clk_100m_n (IN)
                         net (fo=0)                   0.100     2.600    ibufds_inst/IB
    HPIOBDIFFINBUF_X0Y10 DIFFINBUF (Prop_DIFFINBUF_HPIOBDIFFINBUF_DIFF_IN_N_O)
                                                      0.389     2.989 r  ibufds_inst/DIFFINBUF_INST/O
                         net (fo=1, routed)           0.050     3.039    ibufds_inst/OUT
    AM15                 IBUFCTRL (Prop_IBUFCTRL_HPIOB_M_I_O)
                                                      0.000     3.039 r  ibufds_inst/IBUFCTRL_INST/O
                         net (fo=1, routed)           0.189     3.228    sys_clk
    BUFGCE_X0Y12         BUFGCE (Prop_BUFCE_BUFGCE_I_O)
                                                      0.019     3.247 r  sys_clk_BUFG_inst/O
    X4Y1 (CLOCK_ROOT)    net (fo=11, routed)          0.912     4.159    sys_clk_BUFG
    SLICE_X81Y74         FDCE                                         r  R_LED_0_reg/C
                         clock pessimism             -0.097     4.062    
                         clock uncertainty            0.035     4.097    
    SLICE_X81Y74         FDCE (Hold_GFF2_SLICEL_C_D)
                                                      0.047     4.144    R_LED_0_reg
  -------------------------------------------------------------------
                         required time                         -4.144    
                         arrival time                           6.492    
  -------------------------------------------------------------------
                         slack                                  2.348    





---------------------------------------------------------------------------------------------------
From Clock:  sys_clk_100m_n
  To Clock:  sys_clk_100m_p

Setup :            0  Failing Endpoints,  Worst Slack        1.816ns,  Total Violation        0.000ns
Hold  :            0  Failing Endpoints,  Worst Slack        2.350ns,  Total Violation        0.000ns
---------------------------------------------------------------------------------------------------


Max Delay Paths
--------------------------------------------------------------------------------------
Slack (MET) :             1.816ns  (required time - arrival time)
  Source:                 val1_reg[1]/C
                            (rising edge-triggered cell FDCE clocked by sys_clk_100m_n'  {rise@0.000ns fall@2.500ns period=5.000ns})
  Destination:            W_LED_1_reg/D
                            (rising edge-triggered cell FDCE clocked by sys_clk_100m_p  {rise@0.000ns fall@2.500ns period=5.000ns})
  Path Group:             sys_clk_100m_p
  Path Type:              Setup (Max at Slow Process Corner)
  Requirement:            2.500ns  (sys_clk_100m_p rise@5.000ns - sys_clk_100m_n fall@2.500ns)
  Data Path Delay:        0.458ns  (logic 0.167ns (36.432%)  route 0.291ns (63.569%))
  Logic Levels:           1  (LUT4=1)
  Clock Path Skew:        -0.216ns (DCD - SCD + CPR)
    Destination Clock Delay (DCD):    2.221ns = ( 7.221 - 5.000 ) 
    Source Clock Delay      (SCD):    2.577ns = ( 5.077 - 2.500 ) 
    Clock Pessimism Removal (CPR):    0.141ns
  Clock Uncertainty:      0.035ns  ((TSJ^2 + TIJ^2)^1/2 + DJ) / 2 + PE
    Total System Jitter     (TSJ):    0.071ns
    Total Input Jitter      (TIJ):    0.000ns
    Discrete Jitter          (DJ):    0.000ns
    Phase Error              (PE):    0.000ns
  Clock Net Delay (Source):      1.445ns (routing 0.617ns, distribution 0.828ns)
  Clock Net Delay (Destination): 1.274ns (routing 0.562ns, distribution 0.712ns)
  Clock Domain Crossing:  Inter clock paths are considered valid unless explicitly excluded by timing constraints such as set_clock_groups or set_false_path.

    Location             Delay type                Incr(ns)  Path(ns)    Netlist Resource(s)
  -------------------------------------------------------------------    -------------------
                         (clock sys_clk_100m_n fall edge)
                                                      2.500     2.500 f  
    AN15                                              0.000     2.500 f  sys_clk_100m_n (IN)
                         net (fo=0)                   0.100     2.600    ibufds_inst/IB
    HPIOBDIFFINBUF_X0Y10 DIFFINBUF (Prop_DIFFINBUF_HPIOBDIFFINBUF_DIFF_IN_N_O)
                                                      0.618     3.218 r  ibufds_inst/DIFFINBUF_INST/O
                         net (fo=1, routed)           0.050     3.268    ibufds_inst/OUT
    AM15                 IBUFCTRL (Prop_IBUFCTRL_HPIOB_M_I_O)
                                                      0.000     3.268 r  ibufds_inst/IBUFCTRL_INST/O
                         net (fo=1, routed)           0.336     3.604    sys_clk
    BUFGCE_X0Y12         BUFGCE (Prop_BUFCE_BUFGCE_I_O)
                                                      0.028     3.632 r  sys_clk_BUFG_inst/O
    X4Y1 (CLOCK_ROOT)    net (fo=11, routed)          1.445     5.077    sys_clk_BUFG
    SLICE_X81Y74         FDCE                                         r  val1_reg[1]/C
  -------------------------------------------------------------------    -------------------
    SLICE_X81Y74         FDCE (Prop_CFF_SLICEL_C_Q)
                                                      0.079     5.156 r  val1_reg[1]/Q
                         net (fo=3, routed)           0.241     5.397    val1_reg_n_0_[1]
    SLICE_X81Y73         LUT4 (Prop_C6LUT_SLICEL_I2_O)
                                                      0.088     5.485 r  W_LED_1_i_1/O
                         net (fo=1, routed)           0.050     5.535    result[1]
    SLICE_X81Y73         FDCE                                         r  W_LED_1_reg/D
  -------------------------------------------------------------------    -------------------

                         (clock sys_clk_100m_p rise edge)
                                                      5.000     5.000 r  
    AM15                                              0.000     5.000 r  sys_clk_100m_p (IN)
                         net (fo=0)                   0.079     5.079    ibufds_inst/I
    HPIOBDIFFINBUF_X0Y10 DIFFINBUF (Prop_DIFFINBUF_HPIOBDIFFINBUF_DIFF_IN_P_O)
                                                      0.507     5.586 r  ibufds_inst/DIFFINBUF_INST/O
                         net (fo=1, routed)           0.040     5.626    ibufds_inst/OUT
    AM15                 IBUFCTRL (Prop_IBUFCTRL_HPIOB_M_I_O)
                                                      0.000     5.626 r  ibufds_inst/IBUFCTRL_INST/O
                         net (fo=1, routed)           0.297     5.923    sys_clk
    BUFGCE_X0Y12         BUFGCE (Prop_BUFCE_BUFGCE_I_O)
                                                      0.024     5.947 r  sys_clk_BUFG_inst/O
    X4Y1 (CLOCK_ROOT)    net (fo=11, routed)          1.274     7.221    sys_clk_BUFG
    SLICE_X81Y73         FDCE                                         r  W_LED_1_reg/C
                         clock pessimism              0.141     7.361    
                         clock uncertainty           -0.035     7.326    
    SLICE_X81Y73         FDCE (Setup_CFF_SLICEL_C_D)
                                                      0.025     7.351    W_LED_1_reg
  -------------------------------------------------------------------
                         required time                          7.351    
                         arrival time                          -5.535    
  -------------------------------------------------------------------
                         slack                                  1.816    





Min Delay Paths
--------------------------------------------------------------------------------------
Slack (MET) :             2.350ns  (arrival time - required time)
  Source:                 val1_reg[0]/C
                            (rising edge-triggered cell FDCE clocked by sys_clk_100m_n'  {rise@0.000ns fall@2.500ns period=5.000ns})
  Destination:            R_LED_0_reg/D
                            (rising edge-triggered cell FDCE clocked by sys_clk_100m_p  {rise@0.000ns fall@2.500ns period=5.000ns})
  Path Group:             sys_clk_100m_p
  Path Type:              Hold (Min at Fast Process Corner)
  Requirement:            -2.500ns  (sys_clk_100m_p rise@0.000ns - sys_clk_100m_n fall@2.500ns)
  Data Path Delay:        0.123ns  (logic 0.039ns (31.789%)  route 0.084ns (68.211%))
  Logic Levels:           0  
  Clock Path Skew:        0.190ns (DCD - SCD - CPR)
    Destination Clock Delay (DCD):    1.658ns
    Source Clock Delay      (SCD):    1.370ns = ( 3.870 - 2.500 ) 
    Clock Pessimism Removal (CPR):    0.097ns
  Clock Uncertainty:      0.035ns  ((TSJ^2 + TIJ^2)^1/2 + DJ) / 2 + PE
    Total System Jitter     (TSJ):    0.071ns
    Total Input Jitter      (TIJ):    0.000ns
    Discrete Jitter          (DJ):    0.000ns
    Phase Error              (PE):    0.000ns
  Clock Net Delay (Source):      0.800ns (routing 0.339ns, distribution 0.461ns)
  Clock Net Delay (Destination): 0.912ns (routing 0.380ns, distribution 0.532ns)
  Clock Domain Crossing:  Inter clock paths are considered valid unless explicitly excluded by timing constraints such as set_clock_groups or set_false_path.

    Location             Delay type                Incr(ns)  Path(ns)    Netlist Resource(s)
  -------------------------------------------------------------------    -------------------
                         (clock sys_clk_100m_n fall edge)
                                                      2.500     2.500 f  
    AN15                                              0.000     2.500 f  sys_clk_100m_n (IN)
                         net (fo=0)                   0.079     2.579    ibufds_inst/IB
    HPIOBDIFFINBUF_X0Y10 DIFFINBUF (Prop_DIFFINBUF_HPIOBDIFFINBUF_DIFF_IN_N_O)
                                                      0.284     2.863 r  ibufds_inst/DIFFINBUF_INST/O
                         net (fo=1, routed)           0.040     2.903    ibufds_inst/OUT
    AM15                 IBUFCTRL (Prop_IBUFCTRL_HPIOB_M_I_O)
                                                      0.000     2.903 r  ibufds_inst/IBUFCTRL_INST/O
                         net (fo=1, routed)           0.151     3.054    sys_clk
    BUFGCE_X0Y12         BUFGCE (Prop_BUFCE_BUFGCE_I_O)
                                                      0.017     3.071 r  sys_clk_BUFG_inst/O
    X4Y1 (CLOCK_ROOT)    net (fo=11, routed)          0.800     3.870    sys_clk_BUFG
    SLICE_X81Y74         FDCE                                         r  val1_reg[0]/C
  -------------------------------------------------------------------    -------------------
    SLICE_X81Y74         FDCE (Prop_DFF_SLICEL_C_Q)
                                                      0.039     3.909 r  val1_reg[0]/Q
                         net (fo=4, routed)           0.084     3.993    val1_reg_n_0_[0]
    SLICE_X81Y74         FDCE                                         r  R_LED_0_reg/D
  -------------------------------------------------------------------    -------------------

                         (clock sys_clk_100m_p rise edge)
                                                      0.000     0.000 r  
    AM15                                              0.000     0.000 r  sys_clk_100m_p (IN)
                         net (fo=0)                   0.100     0.100    ibufds_inst/I
    HPIOBDIFFINBUF_X0Y10 DIFFINBUF (Prop_DIFFINBUF_HPIOBDIFFINBUF_DIFF_IN_P_O)
                                                      0.388     0.488 r  ibufds_inst/DIFFINBUF_INST/O
                         net (fo=1, routed)           0.050     0.538    ibufds_inst/OUT
    AM15                 IBUFCTRL (Prop_IBUFCTRL_HPIOB_M_I_O)
                                                      0.000     0.538 r  ibufds_inst/IBUFCTRL_INST/O
                         net (fo=1, routed)           0.189     0.727    sys_clk
    BUFGCE_X0Y12         BUFGCE (Prop_BUFCE_BUFGCE_I_O)
                                                      0.019     0.746 r  sys_clk_BUFG_inst/O
    X4Y1 (CLOCK_ROOT)    net (fo=11, routed)          0.912     1.658    sys_clk_BUFG
    SLICE_X81Y74         FDCE                                         r  R_LED_0_reg/C
                         clock pessimism             -0.097     1.561    
                         clock uncertainty            0.035     1.596    
    SLICE_X81Y74         FDCE (Hold_GFF2_SLICEL_C_D)
                                                      0.047     1.643    R_LED_0_reg
  -------------------------------------------------------------------
                         required time                         -1.643    
                         arrival time                           3.993    
  -------------------------------------------------------------------
                         slack                                  2.350    





